6
1 7 kitty
1 22 kitty
1 37 kitty
1 52 kitty
1 67 kitty
1 82 kitty
