4
3 1 Hello bird
4 1 Hello lion
5 1 Hello frog
6 1 Hello monk
